// Jest Snapshot v1, https://goo.gl/fbAQLP

exports[`<HandList /> should render the heading 1`] = `
<main
  class=""
>
  <h1>
    HandList 
  </h1>
</main>
`
