// Jest Snapshot v1, https://goo.gl/fbAQLP

exports[`<PokemonList /> should render the heading 1`] = `
<main
  class=""
>
  <h1>
    PokemonList
  </h1>
</main>
`
